Copyright 1986-2022 Xilinx, Inc. All Rights Reserved. Copyright 2022-2025 Advanced Micro Devices, Inc. All Rights Reserved.
---------------------------------------------------------------------------------------------------------------------------------------------
| Tool Version : Vivado v.2025.1 (win64) Build 6140274 Thu May 22 00:12:29 MDT 2025
| Date         : Thu Jul  2 14:37:55 2026
| Host         : Krishna_NITjsr running 64-bit major release  (build 9200)
| Command      : report_drc -file {D:/Verilog Projects/simtix/fpga/reports_fp_chip_fast/post_route_drc.rpt}
| Design       : chip_top
| Device       : xczu7ev-ffvc1156-2-e
| Speed File   : -2
| Design State : Fully Routed
---------------------------------------------------------------------------------------------------------------------------------------------

Report DRC

Table of Contents
-----------------
1. REPORT SUMMARY
2. REPORT DETAILS

1. REPORT SUMMARY
-----------------
            Netlist: chip_top
          Floorplan: design_1
      Design limits: <entire design considered>
           Ruledeck: default
             Max checks: <unlimited>
             Checks found: 11
+-----------+----------+----------------------------+--------+
| Rule      | Severity | Description                | Checks |
+-----------+----------+----------------------------+--------+
| DPIP-2    | Warning  | Input pipelining           | 8      |
| NSTD-1    | Warning  | Unspecified I/O Standard   | 1      |
| RTSTAT-10 | Warning  | No routable loads          | 1      |
| UCIO-1    | Warning  | Unconstrained Logical Port | 1      |
+-----------+----------+----------------------------+--------+

2. REPORT DETAILS
-----------------
DPIP-2#1 Warning
Input pipelining  
DSP u_accel/u_pool/g_fpu[0].u_fpu/prod3_reg input u_accel/u_pool/g_fpu[0].u_fpu/prod3_reg/C[47:0] is not pipelined. Pipelining DSP48 input will improve performance.
Related violations: <none>

DPIP-2#2 Warning
Input pipelining  
DSP u_accel/u_pool/g_fpu[1].u_fpu/prod3_reg input u_accel/u_pool/g_fpu[1].u_fpu/prod3_reg/C[47:0] is not pipelined. Pipelining DSP48 input will improve performance.
Related violations: <none>

DPIP-2#3 Warning
Input pipelining  
DSP u_accel/u_pool/g_fpu[2].u_fpu/prod3_reg input u_accel/u_pool/g_fpu[2].u_fpu/prod3_reg/C[47:0] is not pipelined. Pipelining DSP48 input will improve performance.
Related violations: <none>

DPIP-2#4 Warning
Input pipelining  
DSP u_accel/u_pool/g_fpu[3].u_fpu/prod3_reg input u_accel/u_pool/g_fpu[3].u_fpu/prod3_reg/C[47:0] is not pipelined. Pipelining DSP48 input will improve performance.
Related violations: <none>

DPIP-2#5 Warning
Input pipelining  
DSP u_accel/u_pool/g_fpu[4].u_fpu/prod3_reg input u_accel/u_pool/g_fpu[4].u_fpu/prod3_reg/C[47:0] is not pipelined. Pipelining DSP48 input will improve performance.
Related violations: <none>

DPIP-2#6 Warning
Input pipelining  
DSP u_accel/u_pool/g_fpu[5].u_fpu/prod3_reg input u_accel/u_pool/g_fpu[5].u_fpu/prod3_reg/C[47:0] is not pipelined. Pipelining DSP48 input will improve performance.
Related violations: <none>

DPIP-2#7 Warning
Input pipelining  
DSP u_accel/u_pool/g_fpu[6].u_fpu/prod3_reg input u_accel/u_pool/g_fpu[6].u_fpu/prod3_reg/C[47:0] is not pipelined. Pipelining DSP48 input will improve performance.
Related violations: <none>

DPIP-2#8 Warning
Input pipelining  
DSP u_accel/u_pool/g_fpu[7].u_fpu/prod3_reg input u_accel/u_pool/g_fpu[7].u_fpu/prod3_reg/C[47:0] is not pipelined. Pipelining DSP48 input will improve performance.
Related violations: <none>

NSTD-1#1 Warning
Unspecified I/O Standard  
35 out of 35 logical ports use I/O standard (IOSTANDARD) value 'DEFAULT', instead of a user assigned specific value. This may cause I/O contention or incompatibility with the board power or connectivity affecting performance, signal integrity or in extreme cases cause damage to the device or the components to which it is connected. To correct this violation, specify all I/O standards. This design will fail to generate a bitstream unless all logical ports have a user specified I/O standard value defined. To allow bitstream creation with unspecified I/O standard values (not recommended), use this command: set_property SEVERITY {Warning} [get_drc_checks NSTD-1].  NOTE: When using the Vivado Runs infrastructure (e.g. launch_runs Tcl command), add this command to a .tcl file and add that file as a pre-hook for write_bitstream step for the implementation run. Problem ports: clk, done, result[31:0], rst.
Related violations: <none>

RTSTAT-10#1 Warning
No routable loads  
1 net(s) have no routable loads. The problem bus(es) and/or net(s) are u_accel/u_pool/issue_w_reg[0]_rep__43_n_0.
Related violations: <none>

UCIO-1#1 Warning
Unconstrained Logical Port  
35 out of 35 logical ports have no user assigned specific location constraint (LOC). This may cause I/O contention or incompatibility with the board power or connectivity affecting performance, signal integrity or in extreme cases cause damage to the device or the components to which it is connected. To correct this violation, specify all pin locations. This design will fail to generate a bitstream unless all logical ports have a user specified site LOC constraint defined.  To allow bitstream creation with unspecified pin locations (not recommended), use this command: set_property SEVERITY {Warning} [get_drc_checks UCIO-1].  NOTE: When using the Vivado Runs infrastructure (e.g. launch_runs Tcl command), add this command to a .tcl file and add that file as a pre-hook for write_bitstream step for the implementation run.  Problem ports: clk, done, result[31:0], rst.
Related violations: <none>


